#-----------------------------------------------------------
# Vivado v2019.1 (64-bit)
# SW Build 2552052 on Fri May 24 14:49:42 MDT 2019
# IP Build 2548770 on Fri May 24 18:01:18 MDT 2019
# Start of session at: Sun Dec 15 23:25:37 2024
# Process ID: 11200
# Current directory: D:/backup/ReactionSpeedTester_12_9
# Command line: vivado.exe -gui_launcher_event rodinguilauncherevent6396 D:\backup\ReactionSpeedTester_12_9\ReactionSpeedTester.xpr
# Log file: D:/backup/ReactionSpeedTester_12_9/vivado.log
# Journal file: D:/backup/ReactionSpeedTester_12_9\vivado.jou
#-----------------------------------------------------------
start_gui
open_project D:/backup/ReactionSpeedTester_12_9/ReactionSpeedTester.xpr
update_compile_order -fileset sources_1
launch_sdk -workspace D:/backup/ReactionSpeedTester_12_9/ReactionSpeedTester.sdk -hwspec D:/backup/ReactionSpeedTester_12_9/ReactionSpeedTester.sdk/ReactionSpeedTester_wrapper.hdf
launch_sdk -workspace D:/backup/ReactionSpeedTester_12_9/ReactionSpeedTester.sdk -hwspec D:/backup/ReactionSpeedTester_12_9/ReactionSpeedTester.sdk/ReactionSpeedTester_wrapper.hdf
